   1              	gcc2_compiled.:
   2              	___gnu_compiled_cplusplus
   3              		stabs "/home/cdavyduke/Projects/HC12/ELEX_8030/",100,0,0,Ltext0
   4              		stabs "fatalheaperr.cc",100,0,0,Ltext0
   5              	
   6              		section	.text
   7              	
   8              	Ltext0	stabs "int:t1=r1;-32768;32767;",128,0,0,0
   9              		stabs "char:t2=r2;0;255;",128,0,0,0
  10              		stabs "long int:t3=r1;0020000000000;0017777777777;",128,0,0,0
  11              		stabs "unsigned int:t4=r4;0;65535;",128,0,0,0
  12              		stabs "long unsigned int:t5=r1;0000000000000;0037777777777;",128,0,0,0
  13              		stabs "long long int:t6=r1;0020000000000;0017777777777;",128,0,0,0
  14              		stabs "long long unsigned int:t7=r1;0000000000000;0037777777777;",128,0,0,0
  15              		stabs "short int:t8=r8;-32768;32767;",128,0,0,0
  16              		stabs "short unsigned int:t9=r9;0;65535;",128,0,0,0
  17              		stabs "signed char:t10=r10;-128;127;",128,0,0,0
  18              		stabs "unsigned char:t11=r11;0;255;",128,0,0,0
  19              		stabs "float:t12=r1;4;0;",128,0,0,0
  20              		stabs "double:t13=r1;4;0;",128,0,0,0
  21              		stabs "long double:t14=r1;4;0;",128,0,0,0
  22              		stabs "complex int:t15=s4real:1,0,16;imag:1,16,16;;",128,0,0,0
  23              		stabs "complex float:t16=r16;4;0;",128,0,0,0
  24              		stabs "complex double:t17=r17;4;0;",128,0,0,0
  25              		stabs "complex long double:t18=r18;4;0;",128,0,0,0
  26              		stabs "bool:t19=@s8;-16;",128,0,0,0
  27              		stabs "void:t20=20",128,0,0,0
  28              		stabs "__wchar_t:t21=r21;-32768;32767;",128,0,0,0
  29              		stabs "__vtbl_ptr_type:t22=*23=f1",128,0,0,0
  30              	
  31              		global	_EnterSafeMode__Fv
  32              	_EnterSafeMode__Fv
   1:fatalheaperr.cc **** // Filename:		FATALHEAPERR.CC
   2:fatalheaperr.cc **** // Author:			C. DAVYDUKE
   3:fatalheaperr.cc **** // File Created:	03/10/21
   4:fatalheaperr.cc **** // Last Modified:	03/10/21
   5:fatalheaperr.cc **** // Description:	This file contains the code for handling a fatal heap error.
   6:fatalheaperr.cc **** 
   7:fatalheaperr.cc **** #include "fatalheaperr.h"
   8:fatalheaperr.cc **** #include "restart.h"
   9:fatalheaperr.cc **** 
  10:fatalheaperr.cc **** // This would ordinarily contain some code to put the servo into a safe mode.
  11:fatalheaperr.cc **** void EnterSafeMode( )	// Probably would do something like disable the
  12:fatalheaperr.cc **** {									// laser in this case, turn off the TECs, etc.
  33              		stabd 68,0,12
  34              	
  35              	
  36              	LBB2
  13:fatalheaperr.cc **** }
  37              	LBE2	stabd 68,0,13
  38              	
  39 0000 3D       		rts
  40              	
  41              		stabs "EnterSafeMode__Fv:F20",36,0,12,_EnterSafeMode__Fv
  42              		stabn 192,0,0,LBB2
  43              		stabn 224,0,0,LBE2
  44              	
  45              	Lscope0	stabs "",36,0,0,Lscope0-_EnterSafeMode__Fv
  46              	
  47              		global	_SetErrorFlag__Fv
  48              	_SetErrorFlag__Fv
  14:fatalheaperr.cc **** 
  15:fatalheaperr.cc **** // This would ordinarily contain some code to create an error flag of some sort.
  16:fatalheaperr.cc **** void SetErrorFlag( )	// Could be visual, could be some data stored into the
  17:fatalheaperr.cc **** {								// eeprom or flash, could be audible.
  49              		stabd 68,0,17
  50              	
  51              	
  52              	LBB3
  18:fatalheaperr.cc **** }
  53              	LBE3	stabd 68,0,18
  54              	
  55 0001 3D       		rts
  56              	
  57              		stabs "SetErrorFlag__Fv:F20",36,0,17,_SetErrorFlag__Fv
  58              		stabn 192,0,0,LBB3
  59              		stabn 224,0,0,LBE3
  60              	
  61              	Lscope1	stabs "",36,0,0,Lscope1-_SetErrorFlag__Fv
  62              	
  63              	
  64              		end
